
> vite_react_shadcn_ts@0.0.0 test
> vitest run


[1m[46m RUN [49m[22m [36mv3.2.4 [39m[90mC:/PROJECTS/SRM HACKATHON/PRO-TECHT[39m

node.exe : 
[90mstderr[2m | sr
c/pages/__tests__/Ho
mePage.test.tsx
At line:1 char:1
+ & "C:\Program File
s\nodejs/node.exe" "
C:\Users\prana\AppDa
ta\Roaming\ ...
+ ~~~~~~~~~~~~~~~~~~
~~~~~~~~~~~~~~~~~~~~
~~~~~~~~~~~~~~~~~~~~
~~~~~~~~~~~
    + CategoryInfo  
            : NotS  
  pecified: ([90   
 mstderr[2m...m    
ePage.test.tsx:    
String) [], Rem    
oteException
    + FullyQualifie 
   dErrorId : Nati  
  veCommandError
 
[22m[39mmotion() 
is deprecated. Use 
motion.create() 
instead.

[90mstderr[2m | sr
c/features/chat/Chat
Page.test.tsx
[22m[39mmotion() 
is deprecated. Use 
motion.create() 
instead.

[90mstderr[2m | sr
c/features/chat/Deta
ilsPanel/DetailsPane
l.test.tsx
[22m[39mmotion() 
is deprecated. Use 
motion.create() 
instead.

[90mstderr[2m | sr
c/pages/__tests__/Ho
mePage.test.tsx[2m 
> [22m[2mHomePage
[2m > 
[22m[2mrenders 
the login button
[22m[39mWarning: v
alidateDOMNesting(..
.): <button> cannot 
appear as a 
descendant of 
<button>.
    at button
    at 
C:\PROJECTS\SRM HACK
ATHON\PRO-TECHT\src\
components\ui\button
.tsx:41:6
    at button
    at 
MotionDOMComponent (
file:///C:/PROJECTS/
SRM%20HACKATHON/PRO-
TECHT/node_modules/f
ramer-motion/dist/es
/motion/index.mjs:42
:16)
    at 
MagneticButton 
(C:\PROJECTS\SRM HAC
KATHON\PRO-TECHT\src
\components\ui\Magne
ticButton.tsx:10:3)
    at a
    at LinkWithRef 
(C:\PROJECTS\SRM HAC
KATHON\PRO-TECHT\nod
e_modules\react-rout
er-dom\dist\umd\reac
t-router-dom.develop
ment.js:814:9)
    at div
    at 
MotionDOMComponent (
file:///C:/PROJECTS/
SRM%20HACKATHON/PRO-
TECHT/node_modules/f
ramer-motion/dist/es
/motion/index.mjs:42
:16)
    at div
    at 
MotionDOMComponent (
file:///C:/PROJECTS/
SRM%20HACKATHON/PRO-
TECHT/node_modules/f
ramer-motion/dist/es
/motion/index.mjs:42
:16)
    at div
    at section
    at div
    at HomePage 
(C:\PROJECTS\SRM HAC
KATHON\PRO-TECHT\src
\pages\HomePage.tsx:
24:53)
    at Router 
(C:\PROJECTS\SRM HAC
KATHON\PRO-TECHT\nod
e_modules\react-rout
er\dist\umd\react-ro
uter.development.js:
1207:17)
    at MemoryRouter 
(C:\PROJECTS\SRM HAC
KATHON\PRO-TECHT\nod
e_modules\react-rout
er\dist\umd\react-ro
uter.development.js:
1101:7)
Not implemented: 
HTMLCanvasElement's 
getContext() 
method: without 
installing the 
canvas npm package
ΓÜá∩╕Å React Router 
Future Flag 
Warning: React 
Router will begin 
wrapping state 
updates in `React.st
artTransition` in 
v7. You can use the 
`v7_startTransition`
 future flag to 
opt-in early. For 
more information, 
see https://reactrou
ter.com/v6/upgrading
/future#v7_starttran
sition.
ΓÜá∩╕Å React Router 
Future Flag 
Warning: Relative 
route resolution 
within Splat routes 
is changing in v7. 
You can use the `v7_
relativeSplatPath` 
future flag to 
opt-in early. For 
more information, 
see https://reactrou
ter.com/v6/upgrading
/future#v7_relatives
platpath.

 [32mΓ£ô[39m src/pages/__tests__/HomePage.test.tsx [2m([22m[2m1 test[22m[2m)[22m[33m 317[2mms[22m[39m
   [33m[2mΓ£ô[22m[39m HomePage[2m > [22mrenders the login button [33m 315[2mms[22m[39m
 [32mΓ£ô[39m src/features/chat/DetailsPanel/DetailsPanel.test.tsx [2m([22m[2m2 tests[22m[2m)[22m[33m 465[2mms[22m[39m
   [33m[2mΓ£ô[22m[39m DetailsPanel[2m > [22madds a private note optimistically and updates UI [33m 340[2mms[22m[39m
[90mstderr[2m | sr
c/features/chat/Chat
Page.test.tsx[2m > 
[22m[2mChatPage[2
m > [22m[2msends 
a message and 
displays it 
optimistically
[22m[39mWarning: 
An update to 
ChatPage inside a 
test was not 
wrapped in act(...).

When testing, code 
that causes React 
state updates 
should be wrapped 
into act(...):

act(() => {
  /* fire events 
that update state */
});
/* assert on the 
output */

This ensures that 
you're testing the 
behavior the user 
would see in the 
browser. Learn more 
at https://reactjs.o
rg/link/wrap-tests-w
ith-act
    at ChatPage 
(C:\PROJECTS\SRM HAC
KATHON\PRO-TECHT\src
\features\chat\ChatP
age.tsx:24:87)
Warning: An update 
to ChatPage inside 
a test was not 
wrapped in act(...).

When testing, code 
that causes React 
state updates 
should be wrapped 
into act(...):

act(() => {
  /* fire events 
that update state */
});
/* assert on the 
output */

This ensures that 
you're testing the 
behavior the user 
would see in the 
browser. Learn more 
at https://reactjs.o
rg/link/wrap-tests-w
ith-act
    at ChatPage 
(C:\PROJECTS\SRM HAC
KATHON\PRO-TECHT\src
\features\chat\ChatP
age.tsx:24:87)

[90mstderr[2m | sr
c/features/chat/Chat
Page.test.tsx[2m > 
[22m[2mChatPage[2
m > [22m[2msends 
a message and 
displays it 
optimistically
[22m[39mWarning: 
An update to 
ConversationView 
inside a test was 
not wrapped in 
act(...).

When testing, code 
that causes React 
state updates 
should be wrapped 
into act(...):

act(() => {
  /* fire events 
that update state */
});
/* assert on the 
output */

This ensures that 
you're testing the 
behavior the user 
would see in the 
browser. Learn more 
at https://reactjs.o
rg/link/wrap-tests-w
ith-act
    at 
ConversationView 
(C:\PROJECTS\SRM HAC
KATHON\PRO-TECHT\src
\features\chat\Conve
rsationView.tsx:107:
29)
    at div
    at div
    at div
    at 
MotionDOMComponent (
file:///C:/PROJECTS/
SRM%20HACKATHON/PRO-
TECHT/node_modules/f
ramer-motion/dist/es
/motion/index.mjs:42
:16)
    at ChatPage 
(C:\PROJECTS\SRM HAC
KATHON\PRO-TECHT\src
\features\chat\ChatP
age.tsx:24:87)

 [31mΓ¥»[39m src/features/chat/ChatPage.test.tsx [2m([22m[2m2 tests[22m[2m | [22m[31m2 failed[39m[2m)[22m[33m 1461[2mms[22m[39m
[31m   [31m├ù[31m ChatPage[2m > [22mrenders customer list and allows selecting a customer[39m[33m 1149[2mms[22m[39m
[31m     ΓåÆ Found multiple elements with the text: Hi

Here are the matching elements:

Ignored nodes: comments, script, style
[36m<p[31m
  [33mclass[31m=[32m"text-sm text-muted-foreground truncate"[31m
[36m>[31m
  [0mHi[0m
[36m</p>[31m

Ignored nodes: comments, script, style
[36m<p[31m
  [33mclass[31m=[32m"text-sm"[31m
[36m>[31m
  [0mHi[0m
[36m</p>[31m

(If this is intentional, then use the `*AllBy*` variant of the query (like `queryAllByText`, `getAllByText`, or `findAllByText`)).

Ignored nodes: comments, script, style
[36m<body>[31m
  [36m<div>[31m
    [36m<div[31m
      [33mclass[31m=[32m"flex h-[calc(100vh-4rem)] overflow-hidden rounded-lg shadow-xl backdrop-blur-sm bg-surface/[0.6] border border-surface-foreground/[0.06]"[31m
      [33mstyle[31m=[32m"opacity: 1; transform: none;"[31m
    [36m>[31m
      [36m<div[31m
        [33mclass[31m=[32m"hidden md:flex w-80 bg-card border-r border-border flex-col"[31m
      [36m>[31m
        [36m<div[31m
          [33mclass[31m=[32m"flex h-full flex-col bg-card/50 backdrop-blur-sm"[31m
        [36m>[31m
          [36m<div[31m
            [33mclass[31m=[32m"p-3 border-b border-border/50"[31m
          [36m>[31m
            [36m<input[31m
              [33mclass[31m=[32m"flex h-10 rounded-md border px-3 py-2 text-base ring-offset-background file:border-0 file:bg-transparent file:text-sm file:font-medium file:text-foreground placeholder:text-muted-foreground focus-visible:outline-none focus-visible:ring-2 focus-visible:ring-offset-2 disabled:cursor-not-allowed disabled:opacity-50 md:text-sm w-full bg-background/50 border-border/50 focus-visible:ring-primary"[31m
              [33mplaceholder[31m=[32m"Search customers..."[31m
              [33mvalue[31m=[32m""[31m
            [36m/>[31m
          [36m</div>[31m
          [36m<div[31m
            [33mclass[31m=[32m"flex-1 overflow-y-auto p-3 space-y-2"[31m
          [36m>[31m
            [36m<div[31m
              [33mclass[31m=[32m"flex items-center gap-3 p-2 rounded-lg cursor-pointer transition-all duration-200 relative hover:bg-accent/10 hover:text-accent-foreground bg-accent/20 text-accent-foreground font-medium border-l-4 border-primary"[31m
              [33mtabindex[31m=[32m"0"[31m
            [36m>[31m
              [36m<div[31m
                [33mclass[31m=[32m"relative"[31m
              [36m>[31m
                [36m<span[31m
                  [33mclass[31m=[32m"relative flex shrink-0 overflow-hidden rounded-full h-10 w-10 border border-border/50"[31m
                [36m>[31m
                  [36m<span[31m
                    [33mclass[31m=[32m"flex h-full w-full items-center justify-center rounded-full bg-muted"[31m
                  [36m>[31m
                    [0mA[0m
                  [36m</span>[31m
                [36m</span>[31m
                [36m<span[31m
                  [33mclass[31m=[32m"absolute bottom-0 right-0 block h-3 w-3 rounded-full bg-green-500 ring-2 ring-background"[31m
                [36m/>[31m
              [36m</div>[31m
              [36m<div[31m
                [33mclass[31m=[32m"flex-1 overflow-hidden"[31m
              [36m>[31m
                [36m<div[31m
                  [33mclass[31m=[32m"flex items-center justify-between"[31m
                [36m>[31m
                  [36m<p[31m
                    [33mclass[31m=[32m"font-medium text-sm truncate"[31m
                  [36m>[31m
                    [0mAlice Smith[0m
                  [36m</p>[31m
                  [36m<span[31m
                    [33mclass[31m=[32m"text-xs text-muted-foreground"[31m
                  [36m>[31m
                    [0m03:30 pm[0m
                  [36m</span>[31m
                [36m</div>[31m
                [36m<div[31m
                  [33mclass[31m=[32m"flex items-center justify-between"[31m
                [36m>[31m
                  [36m<p[31m
                    [33mclass[31m=[32m"text-sm text-muted-foreground truncate"[31m
                  [36m>[31m
                    [0mHi[0m
                  [36m</p>[31m
                [36m</div>[31m
              [36m</div>[31m
            [36m</div>[31m
            [36m<div[31m
              [33mclass[31m=[32m"flex items-center gap-3 p-2 rounded-lg cursor-pointer transition-all duration-200 relative hover:bg-accent/10 hover:text-accent-foreground"[31m
              [33mtabindex[31m=[32m"0"[31m
            [36m>[31m
              [36m<div[31m
                [33mclass[31m=[32m"relative"[31m
              [36m>[31m
                [36m<span[31m
                  [33mclass[31m=[32m"relative flex shrink-0 overflow-hidden rounded-full h-10 w-10 border border-border/50"[31m
                [36m>[31m
                  [36m<span[31m
                    [33mclass[31m=[32m"flex h-full w-full items-center justify-center rounded-full bg-muted"[31m
                  [36m>[31m
                    [0mB[0m
                  [36m</span>[31m
                [36m</span>[31m
              [36m</div>[31m
              [36m<div[31m
                [33mclass[31m=[32m"flex-1 overflow-hidden"[31m
              [36m>[31m
                [36m<div[31m
                  [33mclass[31m=[32m"flex items-center justify-between"[31m
                [36m>[31m
                  [36m<p[31m
                    [33mclass[31m=[32m"font-medium text-sm truncate"[31m
                  [36m>[31m
                    [0mBob Johnson[0m
                  [36m</p>[31m
                  [36m<span[31m
                    [33mclass[31m=[32m"text-xs text-muted-foreground"[31m
                  [36m>[31m
                    [0m09:00 pm[0m
                  [36m</span>[31m
                [36m</div>[31m
                [36m<div[31m
                  [33mclass[31m=[32m"flex items-center justify-between"[31m
                [36m>[31m
                  [36m<p[31m
                    [33mclass[31m=[32m"text-sm text-muted-foreground truncate"[31m
                  [36m>[31m
                    [0mHello[0m
                  [36m</p>[31m
                [36m</div>[31m
              [36m</div>[31m
            [36m</div>[31m
          [36m</div>[31m
        [36m</div>[31m
      [36m</div>[31m
      [36m<div[31m
        [33mclass[31m=[32m"flex md:hidden items-center p-3 border-b bg-card"[31m
      [36m>[31m
        [36m<button[31m
          [33maria-controls[31m=[32m"radix-:r0:"[31m
          [33maria-expanded[31m=[32m"false"[31m
          [33maria-haspopup[31m=[32m"dialog"[31m
          [33mclass[31m=[32m"inline-flex items-center justify-center gap-2 whitespace-nowrap rounded-md text-sm font-medium ring-offset-background transition-all duration-300 ease-in-out focus-visible:outline-none focus-visible:ring-2 focus-visible:ring-ring focus-visible:ring-offset-2 disabled:pointer-events-none disabled:opacity-50 [&_svg]:pointer-events-none [&_svg]:size-4 [&_svg]:shrink-0 transform hover:scale-105 hover:shadow-lg hover:bg-accent hover:text-accent-foreground h-10 w-10 mr-2"[31m
          [33mdata-state[31m=[32m"closed"[31m
          [33mtype[31m=[32m"button"[31m
        [36m>[31m
          [36m<svg[31m
            [33mclass[31m=[32m"lucide lucide-menu h-5 w-5"[31m
            [33mfill[31m=[32m"none"[31m
            [33mheight[31m=[32m"2...

Ignored nodes: comments, script, style
[36m<html>[31m
  [36m<head />[31m
  [36m<body>[31m
    [36m<div>[31m
      [36m<div[31m
        [33mclass[31m=[32m"flex h-[calc(100vh-4rem)] overflow-hidden rounded-lg shadow-xl backdrop-blur-sm bg-surface/[0.6] border border-surface-foreground/[0.06]"[31m
        [33mstyle[31m=[32m"opacity: 1; transform: none;"[31m
      [36m>[31m
        [36m<div[31m
          [33mclass[31m=[32m"hidden md:flex w-80 bg-card border-r border-border flex-col"[31m
        [36m>[31m
          [36m<div[31m
            [33mclass[31m=[32m"flex h-full flex-col bg-card/50 backdrop-blur-sm"[31m
          [36m>[31m
            [36m<div[31m
              [33mclass[31m=[32m"p-3 border-b border-border/50"[31m
            [36m>[31m
              [36m<input[31m
                [33mclass[31m=[32m"flex h-10 rounded-md border px-3 py-2 text-base ring-offset-background file:border-0 file:bg-transparent file:text-sm file:font-medium file:text-foreground placeholder:text-muted-foreground focus-visible:outline-none focus-visible:ring-2 focus-visible:ring-offset-2 disabled:cursor-not-allowed disabled:opacity-50 md:text-sm w-full bg-background/50 border-border/50 focus-visible:ring-primary"[31m
                [33mplaceholder[31m=[32m"Search customers..."[31m
                [33mvalue[31m=[32m""[31m
              [36m/>[31m
            [36m</div>[31m
            [36m<div[31m
              [33mclass[31m=[32m"flex-1 overflow-y-auto p-3 space-y-2"[31m
            [36m>[31m
              [36m<div[31m
                [33mclass[31m=[32m"flex items-center gap-3 p-2 rounded-lg cursor-pointer transition-all duration-200 relative hover:bg-accent/10 hover:text-accent-foreground bg-accent/20 text-accent-foreground font-medium border-l-4 border-primary"[31m
                [33mtabindex[31m=[32m"0"[31m
              [36m>[31m
                [36m<div[31m
                  [33mclass[31m=[32m"relative"[31m
                [36m>[31m
                  [36m<span[31m
                    [33mclass[31m=[32m"relative flex shrink-0 overflow-hidden rounded-full h-10 w-10 border border-border/50"[31m
                  [36m>[31m
                    [36m<span[31m
                      [33mclass[31m=[32m"flex h-full w-full items-center justify-center rounded-full bg-muted"[31m
                    [36m>[31m
                      [0mA[0m
                    [36m</span>[31m
                  [36m</span>[31m
                  [36m<span[31m
                    [33mclass[31m=[32m"absolute bottom-0 right-0 block h-3 w-3 rounded-full bg-green-500 ring-2 ring-background"[31m
                  [36m/>[31m
                [36m</div>[31m
                [36m<div[31m
                  [33mclass[31m=[32m"flex-1 overflow-hidden"[31m
                [36m>[31m
                  [36m<div[31m
                    [33mclass[31m=[32m"flex items-center justify-between"[31m
                  [36m>[31m
                    [36m<p[31m
                      [33mclass[31m=[32m"font-medium text-sm truncate"[31m
                    [36m>[31m
                      [0mAlice Smith[0m
                    [36m</p>[31m
                    [36m<span[31m
                      [33mclass[31m=[32m"text-xs text-muted-foreground"[31m
                    [36m>[31m
                      [0m03:30 pm[0m
                    [36m</span>[31m
                  [36m</div>[31m
                  [36m<div[31m
                    [33mclass[31m=[32m"flex items-center justify-between"[31m
                  [36m>[31m
                    [36m<p[31m
                      [33mclass[31m=[32m"text-sm text-muted-foreground truncate"[31m
                    [36m>[31m
                      [0mHi[0m
                    [36m</p>[31m
                  [36m</div>[31m
                [36m</div>[31m
              [36m</div>[31m
              [36m<div[31m
                [33mclass[31m=[32m"flex items-center gap-3 p-2 rounded-lg cursor-pointer transition-all duration-200 relative hover:bg-accent/10 hover:text-accent-foreground"[31m
                [33mtabindex[31m=[32m"0"[31m
              [36m>[31m
                [36m<div[31m
                  [33mclass[31m=[32m"relative"[31m
                [36m>[31m
                  [36m<span[31m
                    [33mclass[31m=[32m"relative flex shrink-0 overflow-hidden rounded-full h-10 w-10 border border-border/50"[31m
                  [36m>[31m
                    [36m<span[31m
                      [33mclass[31m=[32m"flex h-full w-full items-center justify-center rounded-full bg-muted"[31m
                    [36m>[31m
                      [0mB[0m
                    [36m</span>[31m
                  [36m</span>[31m
                [36m</div>[31m
                [36m<div[31m
                  [33mclass[31m=[32m"flex-1 overflow-hidden"[31m
                [36m>[31m
                  [36m<div[31m
                    [33mclass[31m=[32m"flex items-center justify-between"[31m
                  [36m>[31m
                    [36m<p[31m
                      [33mclass[31m=[32m"font-medium text-sm truncate"[31m
                    [36m>[31m
                      [0mBob Johnson[0m
                    [36m</p>[31m
                    [36m<span[31m
                      [33mclass[31m=[32m"text-xs text-muted-foreground"[31m
                    [36m>[31m
                      [0m09:00 pm[0m
                    [36m</span>[31m
                  [36m</div>[31m
                  [36m<div[31m
                    [33mclass[31m=[32m"flex items-center justify-between"[31m
                  [36m>[31m
                    [36m<p[31m
                      [33mclass[31m=[32m"text-sm text-muted-foreground truncate"[31m
                    [36m>[31m
                      [0mHello[0m
                    [36m</p>[31m
                  [36m</div>[31m
                [36m</div>[31m
              [36m</div>[31m
            [36m</div>[31m
          [36m</div>[31m
        [36m</div>[31m
        [36m<div[31m
          [33mclass[31m=[32m"flex md:hidden items-center p-3 border-b bg-card"[31m
        [36m>[31m
          [36m<button[31m
            [33maria-controls[31m=[32m"radix-:r0:"[31m
            [33maria-expanded[31m=[32m"false"[31m
            [33maria-haspopup[31m=[32m"dialog"[31m
            [33mclass[31m=[32m"inline-flex items-center justify-center gap-2 whitespace-nowrap rounded-md text-sm font-medium ring-offset-background transition-all duration-300 ease-in-out focus-visible:outline-none focus-visible:ring-2 focus-visible:ring-ring focus-visible:ring-offset-2 disabled:pointer-events-none disabled:opacity-50 [&_svg]:pointer-events-none [&_svg]:size-4 [&_svg]:shrink-0 transform hover:scale-105 hover:shadow-lg hover:bg-accent hover:text-accent-foreground h-10 w-10 mr-...[39m
[31m   [31m├ù[31m ChatPage[2m > [22msends a message and displays it optimistically[39m[33m 310[2mms[22m[39m
[31m     ΓåÆ Found multiple elements with the text: Test message

Here are the matching elements:

Ignored nodes: comments, script, style
[36m<p[31m
  [33mclass[31m=[32m"text-sm"[31m
[36m>[31m
  [0mTest message[0m
[36m</p>[31m

Ignored nodes: comments, script, style
[36m<textarea[31m
  [33mclass[31m=[32m"flex w-full border px-3 py-2 text-sm ring-offset-background placeholder:text-muted-foreground focus-visible:outline-none focus-visible:ring-2 focus-visible:ring-offset-2 disabled:cursor-not-allowed disabled:opacity-50 max-h-[100px] min-h-[40px] flex-1 resize-none bg-background/50 border-border/50 focus-visible:ring-primary rounded-lg shadow-inner"[31m
  [33mplaceholder[31m=[32m"Type your message..."[31m
  [33mstyle[31m=[32m"height: 0px;"[31m
[36m>[31m
  [0mTest message[0m
[36m</textarea>[31m

(If this is intentional, then use the `*AllBy*` variant of the query (like `queryAllByText`, `getAllByText`, or `findAllByText`)).

Ignored nodes: comments, script, style
[36m<body>[31m
  [36m<div>[31m
    [36m<div[31m
      [33mclass[31m=[32m"flex h-[calc(100vh-4rem)] overflow-hidden rounded-lg shadow-xl backdrop-blur-sm bg-surface/[0.6] border border-surface-foreground/[0.06]"[31m
      [33mstyle[31m=[32m"opacity: 0.11691538264858536; transform: translateY(17.661692347028293px);"[31m
    [36m>[31m
      [36m<div[31m
        [33mclass[31m=[32m"hidden md:flex w-80 bg-card border-r border-border flex-col"[31m
      [36m>[31m
        [36m<div[31m
          [33mclass[31m=[32m"flex h-full flex-col bg-card/50 backdrop-blur-sm"[31m
        [36m>[31m
          [36m<div[31m
            [33mclass[31m=[32m"p-3 border-b border-border/50"[31m
          [36m>[31m
            [36m<input[31m
              [33mclass[31m=[32m"flex h-10 rounded-md border px-3 py-2 text-base ring-offset-background file:border-0 file:bg-transparent file:text-sm file:font-medium file:text-foreground placeholder:text-muted-foreground focus-visible:outline-none focus-visible:ring-2 focus-visible:ring-offset-2 disabled:cursor-not-allowed disabled:opacity-50 md:text-sm w-full bg-background/50 border-border/50 focus-visible:ring-primary"[31m
              [33mplaceholder[31m=[32m"Search customers..."[31m
              [33mvalue[31m=[32m""[31m
            [36m/>[31m
          [36m</div>[31m
          [36m<div[31m
            [33mclass[31m=[32m"flex-1 overflow-y-auto p-3 space-y-2"[31m
          [36m>[31m
            [36m<div[31m
              [33mclass[31m=[32m"flex items-center gap-3 p-2 rounded-lg cursor-pointer transition-all duration-200 relative hover:bg-accent/10 hover:text-accent-foreground bg-accent/20 text-accent-foreground font-medium border-l-4 border-primary"[31m
              [33mtabindex[31m=[32m"0"[31m
            [36m>[31m
              [36m<div[31m
                [33mclass[31m=[32m"relative"[31m
              [36m>[31m
                [36m<span[31m
                  [33mclass[31m=[32m"relative flex shrink-0 overflow-hidden rounded-full h-10 w-10 border border-border/50"[31m
                [36m>[31m
                  [36m<span[31m
                    [33mclass[31m=[32m"flex h-full w-full items-center justify-center rounded-full bg-muted"[31m
                  [36m>[31m
                    [0mA[0m
                  [36m</span>[31m
                [36m</span>[31m
                [36m<span[31m
                  [33mclass[31m=[32m"absolute bottom-0 right-0 block h-3 w-3 rounded-full bg-green-500 ring-2 ring-background"[31m
                [36m/>[31m
              [36m</div>[31m
              [36m<div[31m
                [33mclass[31m=[32m"flex-1 overflow-hidden"[31m
              [36m>[31m
                [36m<div[31m
                  [33mclass[31m=[32m"flex items-center justify-between"[31m
                [36m>[31m
                  [36m<p[31m
                    [33mclass[31m=[32m"font-medium text-sm truncate"[31m
                  [36m>[31m
                    [0mAlice Smith[0m
                  [36m</p>[31m
                  [36m<span[31m
                    [33mclass[31m=[32m"text-xs text-muted-foreground"[31m
                  [36m>[31m
                    [0m03:30 pm[0m
                  [36m</span>[31m
                [36m</div>[31m
                [36m<div[31m
                  [33mclass[31m=[32m"flex items-center justify-between"[31m
                [36m>[31m
                  [36m<p[31m
                    [33mclass[31m=[32m"text-sm text-muted-foreground truncate"[31m
                  [36m>[31m
                    [0mHi[0m
                  [36m</p>[31m
                [36m</div>[31m
              [36m</div>[31m
            [36m</div>[31m
            [36m<div[31m
              [33mclass[31m=[32m"flex items-center gap-3 p-2 rounded-lg cursor-pointer transition-all duration-200 relative hover:bg-accent/10 hover:text-accent-foreground"[31m
              [33mtabindex[31m=[32m"0"[31m
            [36m>[31m
              [36m<div[31m
                [33mclass[31m=[32m"relative"[31m
              [36m>[31m
                [36m<span[31m
                  [33mclass[31m=[32m"relative flex shrink-0 overflow-hidden rounded-full h-10 w-10 border border-border/50"[31m
                [36m>[31m
                  [36m<span[31m
                    [33mclass[31m=[32m"flex h-full w-full items-center justify-center rounded-full bg-muted"[31m
                  [36m>[31m
                    [0mB[0m
                  [36m</span>[31m
                [36m</span>[31m
              [36m</div>[31m
              [36m<div[31m
                [33mclass[31m=[32m"flex-1 overflow-hidden"[31m
              [36m>[31m
                [36m<div[31m
                  [33mclass[31m=[32m"flex items-center justify-between"[31m
                [36m>[31m
                  [36m<p[31m
                    [33mclass[31m=[32m"font-medium text-sm truncate"[31m
                  [36m>[31m
                    [0mBob Johnson[0m
                  [36m</p>[31m
                  [36m<span[31m
                    [33mclass[31m=[32m"text-xs text-muted-foreground"[31m
                  [36m>[31m
                    [0m09:00 pm[0m
                  [36m</span>[31m
                [36m</div>[31m
                [36m<div[31m
                  [33mclass[31m=[32m"flex items-center justify-between"[31m
                [36m>[31m
                  [36m<p[31m
                    [33mclass[31m=[32m"text-sm text-muted-foreground truncate"[31m
                  [36m>[31m
                    [0mHello[0m
                  [36m</p>[31m
                [36m</div>[31m
              [36m</div>[31m
            [36m</div>[31m
          [36m</div>[31m
        [36m</div>[31m
      [36m</div>[31m
      [36m<div[31m
        [33mclass[31m=[32m"flex md:hidden items-center p-3 border-b bg-card"[31m
      [36m>[31m
        [36m<button[31m
          [33maria-controls[31m=[32m"radix-:r3:"[31m
          [33maria-expanded[31m=[32m"false"[31m
          [33maria-haspopup[31m=[32m"dialog"[31m
          [33mclass[31m=[32m"inline-flex items-center justify-center gap-2 whitespace-nowrap rounded-md text-sm font-medium ring-offset-background transition-all duration-300 ease-in-out focus-visible:outline-none focus-visible:ring-2 focus-visible:ring-ring focus-visible:ring-offset-2 disabled:pointer-events-none disabled:opacity-50 [&_svg]:pointer-events-none [&_svg]:size-4 [&_svg]:shrink-0 transform hover:scale-105 hover:shadow-lg hover:bg-accent hover:text-accent-foreground h-10 w-10 mr-2"[31m
          [33mdata-state[31m=[32m"closed"[31m
          [33mtype[31m=[32m"button"[31m
        [36m>[31m
          [36m<svg[31m
            [33mclass[31m=[32m"lucide lucide-menu h-5 w-5"[31m
            [33mfill[31m=[32m"n...[39m

[31mΓÄ»ΓÄ»ΓÄ»ΓÄ»ΓÄ»
ΓÄ»ΓÄ»[39m[1m[41m
 Failed Tests 2 [49
m[22m[31mΓÄ»ΓÄ»ΓÄ»
ΓÄ»ΓÄ»ΓÄ»ΓÄ»[39m

[41m[1m FAIL 
[22m[49m src/featu
res/chat/ChatPage.te
st.tsx[2m > 
[22mChatPage[2m > 
[22mrenders 
customer list and 
allows selecting a 
customer
[31m[1mTestingLibr
aryElementError[22m
[39m: Found 
multiple elements 
with the text: Hi

Here are the 
matching elements:

Ignored nodes: 
comments, script, 
style
[36m<p[39m
  [33mclass[39m=[
32m"text-sm text-mut
ed-foreground 
truncate"[39m
[36m>[39m
  [0mHi[0m
[36m</p>[39m

Ignored nodes: 
comments, script, 
style
[36m<p[39m
  [33mclass[39m=[
32m"text-sm"[39m
[36m>[39m
  [0mHi[0m
[36m</p>[39m

(If this is 
intentional, then 
use the `*AllBy*` 
variant of the 
query (like 
`queryAllByText`, 
`getAllByText`, or 
`findAllByText`)).

Ignored nodes: 
comments, script, 
style
[36m<body>[39m
  [36m<div>[39m
    [36m<div[39m
      [33mclass[39
m=[32m"flex h-[calc
(100vh-4rem)] 
overflow-hidden 
rounded-lg 
shadow-xl 
backdrop-blur-sm 
bg-surface/[0.6] 
border border-surfac
e-foreground/[0.06]"
[39m
      [33mstyle[39
m=[32m"opacity: 1; 
transform: 
none;"[39m
    [36m>[39m
      [36m<div[39m
        [33mclass[
39m=[32m"hidden 
md:flex w-80 
bg-card border-r 
border-border 
flex-col"[39m
      [36m>[39m
        
[36m<div[39m
          [33mclass
[39m=[32m"flex 
h-full flex-col 
bg-card/50 backdrop-
blur-sm"[39m
        [36m>[39m
          
[36m<div[39m
            [33mcla
ss[39m=[32m"p-3 
border-b border-bord
er/50"[39m
          
[36m>[39m
            
[36m<input[39m
              [33mc
lass[39m=[32m"flex
 h-10 rounded-md 
border px-3 py-2 
text-base ring-offse
t-background 
file:border-0 
file:bg-transparent 
file:text-sm 
file:font-medium fil
e:text-foreground pl
aceholder:text-muted
-foreground focus-vi
sible:outline-none f
ocus-visible:ring-2 
focus-visible:ring-o
ffset-2 disabled:cur
sor-not-allowed 
disabled:opacity-50 
md:text-sm w-full 
bg-background/50 
border-border/50 foc
us-visible:ring-prim
ary"[39m
              [33mp
laceholder[39m=[32
m"Search 
customers..."[39m
              [33mv
alue[39m=[32m""[3
9m
            
[36m/>[39m
          
[36m</div>[39m
          
[36m<div[39m
            [33mcla
ss[39m=[32m"flex-1
 overflow-y-auto 
p-3 space-y-2"[39m
          
[36m>[39m
            
[36m<div[39m
              [33mc
lass[39m=[32m"flex
 items-center gap-3 
p-2 rounded-lg 
cursor-pointer 
transition-all 
duration-200 
relative 
hover:bg-accent/10 h
over:text-accent-for
eground 
bg-accent/20 text-ac
cent-foreground 
font-medium 
border-l-4 
border-primary"[39m
              [33mt
abindex[39m=[32m"0
"[39m
            
[36m>[39m
              
[36m<div[39m
                [33
mclass[39m=[32m"re
lative"[39m
              
[36m>[39m
                
[36m<span[39m
                  [
33mclass[39m=[32m"
relative flex 
shrink-0 
overflow-hidden 
rounded-full h-10 
w-10 border border-b
order/50"[39m
                
[36m>[39m
                  
[36m<span[39m
                    
[33mclass[39m=[32
m"flex h-full 
w-full items-center 
justify-center 
rounded-full 
bg-muted"[39m
                  
[36m>[39m
                    
[0mA[0m
                  
[36m</span>[39m
                
[36m</span>[39m
                
[36m<span[39m
                  [
33mclass[39m=[32m"
absolute bottom-0 
right-0 block h-3 
w-3 rounded-full 
bg-green-500 ring-2 
ring-background"[39
m
                
[36m/>[39m
              
[36m</div>[39m
              
[36m<div[39m
                [33
mclass[39m=[32m"fl
ex-1 overflow-hidden
"[39m
              
[36m>[39m
                
[36m<div[39m
                  [
33mclass[39m=[32m"
flex items-center ju
stify-between"[39m
                
[36m>[39m
                  
[36m<p[39m
                    
[33mclass[39m=[32
m"font-medium 
text-sm 
truncate"[39m
                  
[36m>[39m
                    
[0mAlice Smith[0m
                  
[36m</p>[39m
                  
[36m<span[39m
                    
[33mclass[39m=[32
m"text-xs text-muted
-foreground"[39m
                  
[36m>[39m
                    
[0m03:30 pm[0m
                  
[36m</span>[39m
                
[36m</div>[39m
                
[36m<div[39m
                  [
33mclass[39m=[32m"
flex items-center ju
stify-between"[39m
                
[36m>[39m
                  
[36m<p[39m
                    
[33mclass[39m=[32
m"text-sm text-muted
-foreground 
truncate"[39m
                  
[36m>[39m
                    
[0mHi[0m
                  
[36m</p>[39m
                
[36m</div>[39m
              
[36m</div>[39m
            
[36m</div>[39m
            
[36m<div[39m
              [33mc
lass[39m=[32m"flex
 items-center gap-3 
p-2 rounded-lg 
cursor-pointer 
transition-all 
duration-200 
relative 
hover:bg-accent/10 h
over:text-accent-for
eground"[39m
              [33mt
abindex[39m=[32m"0
"[39m
            
[36m>[39m
              
[36m<div[39m
                [33
mclass[39m=[32m"re
lative"[39m
              
[36m>[39m
                
[36m<span[39m
                  [
33mclass[39m=[32m"
relative flex 
shrink-0 
overflow-hidden 
rounded-full h-10 
w-10 border border-b
order/50"[39m
                
[36m>[39m
                  
[36m<span[39m
                    
[33mclass[39m=[32
m"flex h-full 
w-full items-center 
justify-center 
rounded-full 
bg-muted"[39m
                  
[36m>[39m
                    
[0mB[0m
                  
[36m</span>[39m
                
[36m</span>[39m
              
[36m</div>[39m
              
[36m<div[39m
                [33
mclass[39m=[32m"fl
ex-1 overflow-hidden
"[39m
              
[36m>[39m
                
[36m<div[39m
                  [
33mclass[39m=[32m"
flex items-center ju
stify-between"[39m
                
[36m>[39m
                  
[36m<p[39m
                    
[33mclass[39m=[32
m"font-medium 
text-sm 
truncate"[39m
                  
[36m>[39m
                    
[0mBob Johnson[0m
                  
[36m</p>[39m
                  
[36m<span[39m
                    
[33mclass[39m=[32
m"text-xs text-muted
-foreground"[39m
                  
[36m>[39m
                    
[0m09:00 pm[0m
                  
[36m</span>[39m
                
[36m</div>[39m
                
[36m<div[39m
                  [
33mclass[39m=[32m"
flex items-center ju
stify-between"[39m
                
[36m>[39m
                  
[36m<p[39m
                    
[33mclass[39m=[32
m"text-sm text-muted
-foreground 
truncate"[39m
                  
[36m>[39m
                    
[0mHello[0m
                  
[36m</p>[39m
                
[36m</div>[39m
              
[36m</div>[39m
            
[36m</div>[39m
          
[36m</div>[39m
        
[36m</div>[39m
      
[36m</div>[39m
      [36m<div[39m
        [33mclass[
39m=[32m"flex 
md:hidden 
items-center p-3 
border-b 
bg-card"[39m
      [36m>[39m
        
[36m<button[39m
          [33maria-
controls[39m=[32m"
radix-:r0:"[39m
          [33maria-
expanded[39m=[32m"
false"[39m
          [33maria-
haspopup[39m=[32m"
dialog"[39m
          [33mclass
[39m=[32m"inline-f
lex items-center 
justify-center 
gap-2 
whitespace-nowrap 
rounded-md text-sm 
font-medium ring-off
set-background 
transition-all 
duration-300 
ease-in-out focus-vi
sible:outline-none f
ocus-visible:ring-2 
focus-visible:ring-r
ing focus-visible:ri
ng-offset-2 disabled
:pointer-events-none
 
disabled:opacity-50 
[&_svg]:pointer-even
ts-none 
[&_svg]:size-4 
[&_svg]:shrink-0 
transform 
hover:scale-105 
hover:shadow-lg 
hover:bg-accent hove
r:text-accent-foregr
ound h-10 w-10 
mr-2"[39m
          [33mdata-
state[39m=[32m"clo
sed"[39m
          [33mtype
[39m=[32m"button"[
39m
        [36m>[39m
          
[36m<svg[39m
            [33mcla
ss[39m=[32m"lucide
 lucide-menu h-5 
w-5"[39m
            [33mfil
l[39m=[32m"none"[
39m
            [33mhei
ght[39m=[32m"2...

Ignored nodes: 
comments, script, 
style
[36m<html>[39m
  [36m<head />[39m
  [36m<body>[39m
    [36m<div>[39m
      [36m<div[39m
        [33mclass[
39m=[32m"flex h-[ca
lc(100vh-4rem)] 
overflow-hidden 
rounded-lg 
shadow-xl 
backdrop-blur-sm 
bg-surface/[0.6] 
border border-surfac
e-foreground/[0.06]"
[39m
        [33mstyle[
39m=[32m"opacity: 
1; transform: 
none;"[39m
      [36m>[39m
        
[36m<div[39m
          [33mclass
[39m=[32m"hidden 
md:flex w-80 
bg-card border-r 
border-border 
flex-col"[39m
        [36m>[39m
          
[36m<div[39m
            [33mcla
ss[39m=[32m"flex 
h-full flex-col 
bg-card/50 backdrop-
blur-sm"[39m
          
[36m>[39m
            
[36m<div[39m
              [33mc
lass[39m=[32m"p-3 
border-b border-bord
er/50"[39m
            
[36m>[39m
              
[36m<input[39m
                [33
mclass[39m=[32m"fl
ex h-10 rounded-md 
border px-3 py-2 
text-base ring-offse
t-background 
file:border-0 
file:bg-transparent 
file:text-sm 
file:font-medium fil
e:text-foreground pl
aceholder:text-muted
-foreground focus-vi
sible:outline-none f
ocus-visible:ring-2 
focus-visible:ring-o
ffset-2 disabled:cur
sor-not-allowed 
disabled:opacity-50 
md:text-sm w-full 
bg-background/50 
border-border/50 foc
us-visible:ring-prim
ary"[39m
                [33
mplaceholder[39m=[
32m"Search 
customers..."[39m
                [33
mvalue[39m=[32m""
[39m
              
[36m/>[39m
            
[36m</div>[39m
            
[36m<div[39m
              [33mc
lass[39m=[32m"flex
-1 overflow-y-auto 
p-3 space-y-2"[39m
            
[36m>[39m
              
[36m<div[39m
                [33
mclass[39m=[32m"fl
ex items-center 
gap-3 p-2 
rounded-lg 
cursor-pointer 
transition-all 
duration-200 
relative 
hover:bg-accent/10 h
over:text-accent-for
eground 
bg-accent/20 text-ac
cent-foreground 
font-medium 
border-l-4 
border-primary"[39m
                [33
mtabindex[39m=[32m
"0"[39m
              
[36m>[39m
                
[36m<div[39m
                  [
33mclass[39m=[32m"
relative"[39m
                
[36m>[39m
                  
[36m<span[39m
                    
[33mclass[39m=[32
m"relative flex 
shrink-0 
overflow-hidden 
rounded-full h-10 
w-10 border border-b
order/50"[39m
                  
[36m>[39m
                    
[36m<span[39m
                    
  [33mclass[39m=[
32m"flex h-full 
w-full items-center 
justify-center 
rounded-full 
bg-muted"[39m
                    
[36m>[39m
                    
  [0mA[0m
                    
[36m</span>[39m
                  
[36m</span>[39m
                  
[36m<span[39m
                    
[33mclass[39m=[32
m"absolute bottom-0 
right-0 block h-3 
w-3 rounded-full 
bg-green-500 ring-2 
ring-background"[39
m
                  
[36m/>[39m
                
[36m</div>[39m
                
[36m<div[39m
                  [
33mclass[39m=[32m"
flex-1 overflow-hidd
en"[39m
                
[36m>[39m
                  
[36m<div[39m
                    
[33mclass[39m=[32
m"flex items-center 
justify-between"[39
m
                  
[36m>[39m
                    
[36m<p[39m
                    
  [33mclass[39m=[
32m"font-medium 
text-sm 
truncate"[39m
                    
[36m>[39m
                    
  [0mAlice 
Smith[0m
                    
[36m</p>[39m
                    
[36m<span[39m
                    
  [33mclass[39m=[
32m"text-xs text-mut
ed-foreground"[39m
                    
[36m>[39m
                    
  [0m03:30 pm[0m
                    
[36m</span>[39m
                  
[36m</div>[39m
                  
[36m<div[39m
                    
[33mclass[39m=[32
m"flex items-center 
justify-between"[39
m
                  
[36m>[39m
                    
[36m<p[39m
                    
  [33mclass[39m=[
32m"text-sm text-mut
ed-foreground 
truncate"[39m
                    
[36m>[39m
                    
  [0mHi[0m
                    
[36m</p>[39m
                  
[36m</div>[39m
                
[36m</div>[39m
              
[36m</div>[39m
              
[36m<div[39m
                [33
mclass[39m=[32m"fl
ex items-center 
gap-3 p-2 
rounded-lg 
cursor-pointer 
transition-all 
duration-200 
relative 
hover:bg-accent/10 h
over:text-accent-for
eground"[39m
                [33
mtabindex[39m=[32m
"0"[39m
              
[36m>[39m
                
[36m<div[39m
                  [
33mclass[39m=[32m"
relative"[39m
                
[36m>[39m
                  
[36m<span[39m
                    
[33mclass[39m=[32
m"relative flex 
shrink-0 
overflow-hidden 
rounded-full h-10 
w-10 border border-b
order/50"[39m
                  
[36m>[39m
                    
[36m<span[39m
                    
  [33mclass[39m=[
32m"flex h-full 
w-full items-center 
justify-center 
rounded-full 
bg-muted"[39m
                    
[36m>[39m
                    
  [0mB[0m
                    
[36m</span>[39m
                  
[36m</span>[39m
                
[36m</div>[39m
                
[36m<div[39m
                  [
33mclass[39m=[32m"
flex-1 overflow-hidd
en"[39m
                
[36m>[39m
                  
[36m<div[39m
                    
[33mclass[39m=[32
m"flex items-center 
justify-between"[39
m
                  
[36m>[39m
                    
[36m<p[39m
                    
  [33mclass[39m=[
32m"font-medium 
text-sm 
truncate"[39m
                    
[36m>[39m
                    
  [0mBob 
Johnson[0m
                    
[36m</p>[39m
                    
[36m<span[39m
                    
  [33mclass[39m=[
32m"text-xs text-mut
ed-foreground"[39m
                    
[36m>[39m
                    
  [0m09:00 pm[0m
                    
[36m</span>[39m
                  
[36m</div>[39m
                  
[36m<div[39m
                    
[33mclass[39m=[32
m"flex items-center 
justify-between"[39
m
                  
[36m>[39m
                    
[36m<p[39m
                    
  [33mclass[39m=[
32m"text-sm text-mut
ed-foreground 
truncate"[39m
                    
[36m>[39m
                    
  [0mHello[0m
                    
[36m</p>[39m
                  
[36m</div>[39m
                
[36m</div>[39m
              
[36m</div>[39m
            
[36m</div>[39m
          
[36m</div>[39m
        
[36m</div>[39m
        
[36m<div[39m
          [33mclass
[39m=[32m"flex 
md:hidden 
items-center p-3 
border-b 
bg-card"[39m
        [36m>[39m
          
[36m<button[39m
            [33mari
a-controls[39m=[32
m"radix-:r0:"[39m
            [33mari
a-expanded[39m=[32
m"false"[39m
            [33mari
a-haspopup[39m=[32
m"dialog"[39m
            [33mcla
ss[39m=[32m"inline
-flex items-center 
justify-center 
gap-2 
whitespace-nowrap 
rounded-md text-sm 
font-medium ring-off
set-background 
transition-all 
duration-300 
ease-in-out focus-vi
sible:outline-none f
ocus-visible:ring-2 
focus-visible:ring-r
ing focus-visible:ri
ng-offset-2 disabled
:pointer-events-none
 
disabled:opacity-50 
[&_svg]:pointer-even
ts-none 
[&_svg]:size-4 
[&_svg]:shrink-0 
transform 
hover:scale-105 
hover:shadow-lg 
hover:bg-accent hove
r:text-accent-foregr
ound h-10 w-10 
mr-...
[90m [2mΓ¥»[22m P
roxy.waitForWrapper 
node_modules/@testin
g-library/dom/dist/w
ait-for.js:[2m163:2
7[22m[39m
[36m [2mΓ¥»[22m s
rc/features/chat/Cha
tPage.test.tsx:[2m6
1:11[22m[39m
    [90m 59| [39m
    [90m 60| [39m 
   [90m// Check if 
Alice Smith's 
conversation is 
loaded[39m
    [90m 61| [39m 
   [35mawait[39m 
[34mwaitFor[39m(() 
[33m=>[39m {
    [90m   | [39m 
         [31m^[39m
    [90m 62| [39m 
     [34mexpect[39
m(screen[33m.[39m
[34mgetByText[39m(
[32m'Hi'[39m))[33m
.[39m[34mtoBeInThe
Document[39m()[33m
;[39m
    [90m 63| [39m 
     [34mexpect[39
m(screen[33m.[39m
[34mgetByText[39m(
[32m'Hello'[39m))[
33m.[39m[34mtoBeIn
TheDocument[39m()[
33m;[39m

[31m[2mΓÄ»ΓÄ»ΓÄ»ΓÄ
»ΓÄ»ΓÄ»ΓÄ»ΓÄ»ΓÄ»ΓÄ»Γ
Ä»ΓÄ»ΓÄ»ΓÄ»ΓÄ»ΓÄ»ΓÄ»
ΓÄ»ΓÄ»ΓÄ»ΓÄ»ΓÄ»ΓÄ»ΓÄ
»[1/2]ΓÄ»[22m[39m

[41m[1m FAIL 
[22m[49m src/featu
res/chat/ChatPage.te
st.tsx[2m > 
[22mChatPage[2m > 
[22msends a 
message and 
displays it 
optimistically
[31m[1mTestingLibr
aryElementError[22m
[39m: Found 
multiple elements 
with the text: Test 
message

Here are the 
matching elements:

Ignored nodes: 
comments, script, 
style
[36m<p[39m
  [33mclass[39m=[
32m"text-sm"[39m
[36m>[39m
  [0mTest 
message[0m
[36m</p>[39m

Ignored nodes: 
comments, script, 
style
[36m<textarea[39m
  [33mclass[39m=[
32m"flex w-full 
border px-3 py-2 
text-sm ring-offset-
background placehold
er:text-muted-foregr
ound focus-visible:o
utline-none focus-vi
sible:ring-2 focus-v
isible:ring-offset-2
 disabled:cursor-not
-allowed 
disabled:opacity-50 
max-h-[100px] 
min-h-[40px] flex-1 
resize-none 
bg-background/50 
border-border/50 foc
us-visible:ring-prim
ary rounded-lg 
shadow-inner"[39m
  [33mplaceholder[
39m=[32m"Type your 
message..."[39m
  [33mstyle[39m=[
32m"height: 
0px;"[39m
[36m>[39m
  [0mTest 
message[0m
[36m</textarea>[39
m

(If this is 
intentional, then 
use the `*AllBy*` 
variant of the 
query (like 
`queryAllByText`, 
`getAllByText`, or 
`findAllByText`)).

Ignored nodes: 
comments, script, 
style
[36m<body>[39m
  [36m<div>[39m
    [36m<div[39m
      [33mclass[39
m=[32m"flex h-[calc
(100vh-4rem)] 
overflow-hidden 
rounded-lg 
shadow-xl 
backdrop-blur-sm 
bg-surface/[0.6] 
border border-surfac
e-foreground/[0.06]"
[39m
      [33mstyle[39
m=[32m"opacity: 0.1
1691538264858536; 
transform: translate
Y(17.661692347028293
px);"[39m
    [36m>[39m
      [36m<div[39m
        [33mclass[
39m=[32m"hidden 
md:flex w-80 
bg-card border-r 
border-border 
flex-col"[39m
      [36m>[39m
        
[36m<div[39m
          [33mclass
[39m=[32m"flex 
h-full flex-col 
bg-card/50 backdrop-
blur-sm"[39m
        [36m>[39m
          
[36m<div[39m
            [33mcla
ss[39m=[32m"p-3 
border-b border-bord
er/50"[39m
          
[36m>[39m
            
[36m<input[39m
              [33mc
lass[39m=[32m"flex
 h-10 rounded-md 
border px-3 py-2 
text-base ring-offse
t-background 
file:border-0 
file:bg-transparent 
file:text-sm 
file:font-medium fil
e:text-foreground pl
aceholder:text-muted
-foreground focus-vi
sible:outline-none f
ocus-visible:ring-2 
focus-visible:ring-o
ffset-2 disabled:cur
sor-not-allowed 
disabled:opacity-50 
md:text-sm w-full 
bg-background/50 
border-border/50 foc
us-visible:ring-prim
ary"[39m
              [33mp
laceholder[39m=[32
m"Search 
customers..."[39m
              [33mv
alue[39m=[32m""[3
9m
            
[36m/>[39m
          
[36m</div>[39m
          
[36m<div[39m
            [33mcla
ss[39m=[32m"flex-1
 overflow-y-auto 
p-3 space-y-2"[39m
          
[36m>[39m
            
[36m<div[39m
              [33mc
lass[39m=[32m"flex
 items-center gap-3 
p-2 rounded-lg 
cursor-pointer 
transition-all 
duration-200 
relative 
hover:bg-accent/10 h
over:text-accent-for
eground 
bg-accent/20 text-ac
cent-foreground 
font-medium 
border-l-4 
border-primary"[39m
              [33mt
abindex[39m=[32m"0
"[39m
            
[36m>[39m
              
[36m<div[39m
                [33
mclass[39m=[32m"re
lative"[39m
              
[36m>[39m
                
[36m<span[39m
                  [
33mclass[39m=[32m"
relative flex 
shrink-0 
overflow-hidden 
rounded-full h-10 
w-10 border border-b
order/50"[39m
                
[36m>[39m
                  
[36m<span[39m
                    
[33mclass[39m=[32
m"flex h-full 
w-full items-center 
justify-center 
rounded-full 
bg-muted"[39m
                  
[36m>[39m
                    
[0mA[0m
                  
[36m</span>[39m
                
[36m</span>[39m
                
[36m<span[39m
                  [
33mclass[39m=[32m"
absolute bottom-0 
right-0 block h-3 
w-3 rounded-full 
bg-green-500 ring-2 
ring-background"[39
m
                
[36m/>[39m
              
[36m</div>[39m
              
[36m<div[39m
                [33
mclass[39m=[32m"fl
ex-1 overflow-hidden
"[39m
              
[36m>[39m
                
[36m<div[39m
                  [
33mclass[39m=[32m"
flex items-center ju
stify-between"[39m
                
[36m>[39m
                  
[36m<p[39m
                    
[33mclass[39m=[32
m"font-medium 
text-sm 
truncate"[39m
                  
[36m>[39m
                    
[0mAlice Smith[0m
                  
[36m</p>[39m
                  
[36m<span[39m
                    
[33mclass[39m=[32
m"text-xs text-muted
-foreground"[39m
                  
[36m>[39m
                    
[0m03:30 pm[0m
                  
[36m</span>[39m
                
[36m</div>[39m
                
[36m<div[39m
                  [
33mclass[39m=[32m"
flex items-center ju
stify-between"[39m
                
[36m>[39m
                  
[36m<p[39m
                    
[33mclass[39m=[32
m"text-sm text-muted
-foreground 
truncate"[39m
                  
[36m>[39m
                    
[0mHi[0m
                  
[36m</p>[39m
                
[36m</div>[39m
              
[36m</div>[39m
            
[36m</div>[39m
            
[36m<div[39m
              [33mc
lass[39m=[32m"flex
 items-center gap-3 
p-2 rounded-lg 
cursor-pointer 
transition-all 
duration-200 
relative 
hover:bg-accent/10 h
over:text-accent-for
eground"[39m
              [33mt
abindex[39m=[32m"0
"[39m
            
[36m>[39m
              
[36m<div[39m
                [33
mclass[39m=[32m"re
lative"[39m
              
[36m>[39m
                
[36m<span[39m
                  [
33mclass[39m=[32m"
relative flex 
shrink-0 
overflow-hidden 
rounded-full h-10 
w-10 border border-b
order/50"[39m
                
[36m>[39m
                  
[36m<span[39m
                    
[33mclass[39m=[32
m"flex h-full 
w-full items-center 
justify-center 
rounded-full 
bg-muted"[39m
                  
[36m>[39m
                    
[0mB[0m
                  
[36m</span>[39m
                
[36m</span>[39m
              
[36m</div>[39m
              
[36m<div[39m
                [33
mclass[39m=[32m"fl
ex-1 overflow-hidden
"[39m
              
[36m>[39m
                
[36m<div[39m
                  [
33mclass[39m=[32m"
flex items-center ju
stify-between"[39m
                
[36m>[39m
                  
[36m<p[39m
                    
[33mclass[39m=[32
m"font-medium 
text-sm 
truncate"[39m
                  
[36m>[39m
                    
[0mBob Johnson[0m
                  
[36m</p>[39m
                  
[36m<span[39m
                    
[33mclass[39m=[32
m"text-xs text-muted
-foreground"[39m
                  
[36m>[39m
                    
[0m09:00 pm[0m
                  
[36m</span>[39m
                
[36m</div>[39m
                
[36m<div[39m
                  [
33mclass[39m=[32m"
flex items-center ju
stify-between"[39m
                
[36m>[39m

[2m Test Files [22m [1m[31m1 failed[39m[22m[2m | [22m[1m[32m2 passed[39m[22m[90m (3)[39m
[2m      Tests [22m [1m[31m2 failed[39m[22m[2m | [22m[1m[32m3 passed[39m[22m[90m (5)[39m
[2m   Start at [22m 20:00:31
[2m   Duration [22m 4.13s[2m (transform 698ms, setup 346ms, collect 2.65s, tests 2.24s, environment 2.73s, prepare 877ms)[22m

                  
[36m<p[39m
                    
[33mclass[39m=[32
m"text-sm text-muted
-foreground 
truncate"[39m
                  
[36m>[39m
                    
[0mHello[0m
                  
[36m</p>[39m
                
[36m</div>[39m
              
[36m</div>[39m
            
[36m</div>[39m
          
[36m</div>[39m
        
[36m</div>[39m
      
[36m</div>[39m
      [36m<div[39m
        [33mclass[
39m=[32m"flex 
md:hidden 
items-center p-3 
border-b 
bg-card"[39m
      [36m>[39m
        
[36m<button[39m
          [33maria-
controls[39m=[32m"
radix-:r3:"[39m
          [33maria-
expanded[39m=[32m"
false"[39m
          [33maria-
haspopup[39m=[32m"
dialog"[39m
          [33mclass
[39m=[32m"inline-f
lex items-center 
justify-center 
gap-2 
whitespace-nowrap 
rounded-md text-sm 
font-medium ring-off
set-background 
transition-all 
duration-300 
ease-in-out focus-vi
sible:outline-none f
ocus-visible:ring-2 
focus-visible:ring-r
ing focus-visible:ri
ng-offset-2 disabled
:pointer-events-none
 
disabled:opacity-50 
[&_svg]:pointer-even
ts-none 
[&_svg]:size-4 
[&_svg]:shrink-0 
transform 
hover:scale-105 
hover:shadow-lg 
hover:bg-accent hove
r:text-accent-foregr
ound h-10 w-10 
mr-2"[39m
          [33mdata-
state[39m=[32m"clo
sed"[39m
          [33mtype
[39m=[32m"button"[
39m
        [36m>[39m
          
[36m<svg[39m
            [33mcla
ss[39m=[32m"lucide
 lucide-menu h-5 
w-5"[39m
            [33mfil
l[39m=[32m"n...
[90m [2mΓ¥»[22m O
bject.getElementErro
r node_modules/@test
ing-library/dom/dist
/config.js:[2m37:19
[22m[39m
[90m [2mΓ¥»[22m 
getElementError node
_modules/@testing-li
brary/dom/dist/query
-helpers.js:[2m20:3
5[22m[39m
[90m [2mΓ¥»[22m g
etMultipleElementsFo
undError node_module
s/@testing-library/d
om/dist/query-helper
s.js:[2m23:10[22m
[39m
[90m [2mΓ¥»[22m n
ode_modules/@testing
-library/dom/dist/qu
ery-helpers.js:[2m5
5:13[22m[39m
[90m [2mΓ¥»[22m n
ode_modules/@testing
-library/dom/dist/qu
ery-helpers.js:[2m9
5:19[22m[39m
[36m [2mΓ¥»[22m s
rc/features/chat/Cha
tPage.test.tsx:[2m9
1:19[22m[39m
    [90m 89| [39m
    [90m 90| [39m 
   [90m// 
Optimistic UI: 
message should 
appear 
immediately[39m
    [90m 91| [39m 
   [34mexpect[39m(
screen[33m.[39m[3
4mgetByText[39m([3
2m'Test message'[39
m))[33m.[39m[34mt
oBeInTheDocument[39
m()[33m;[39m
    [90m   | [39m 
                 
[31m^[39m
    [90m 92| [39m 
   [34mexpect[39m(
screen[33m.[39m[3
4mgetByText[39m([3
2m'Sending...'[39m)
)[33m.[39m[34mtoB
eInTheDocument[39m(
)[33m;[39m
    [90m 93| [39m

[31m[2mΓÄ»ΓÄ»ΓÄ»ΓÄ
»ΓÄ»ΓÄ»ΓÄ»ΓÄ»ΓÄ»ΓÄ»Γ
Ä»ΓÄ»ΓÄ»ΓÄ»ΓÄ»ΓÄ»ΓÄ»
ΓÄ»ΓÄ»ΓÄ»ΓÄ»ΓÄ»ΓÄ»ΓÄ
»[2/2]ΓÄ»[22m[39m

